Stored 0 / 1000
Income: Metal +0/min, Ice +0/min
Stored 0 / 1000
Income: Metal +0/min, Ice +0/min
Stored 0 / 2000
Income: Metal +0/min, Ice +0/min
Stored 0 / 3000
Income: Metal +0/min, Ice +0/min
Stored 105 / 1000
Metal: 80
Ice: 25
Income: Metal +10/min, Ice +0/min
Stored 1000 / 1000
Metal: 605
Ice: 395
Income: Metal +5/min, Ice +0/min
Full ship {"id":0,"design":{"width":4,"height":4,"slots":["Engine","Engine","Laser","Laser","Engine","Engine","Laser","Laser","Storage","Storage","Hull","Hull","Storage","Storage","Hull","Hull"]},"state":"berthing","sectorId":0,"position":{"x":-17.219421596633854,"y":62.56291398741804},"timer":1.0130221852861339,"cargo":5,"cargoByMaterial":{"Metal":5,"Ice":0},"cargoMaterial":"Metal","target":null,"homeStationId":0,"defaultBehaviour":"mine","mineMaterials":["Metal","Ice"],"mineOtherSectors":false,"order":null,"leg":{"from":{"x":-4.5,"y":-9},"to":{"x":-18.11733315717646,"y":67.61480784023477}},"berth":null,"transfer":null}
Waiting: storage full
VIDEO /home/alice/.cache/spaceship-management-sim-120/full/page@5d66a4084f65ae9332886c7eba0764e6.webm
EXIT=0
